// Jest Snapshot v1, https://goo.gl/fbAQLP

exports[`Test ContentPages Widgets ContentPageEmbeddedVideo should render 1`] = `
ShallowWrapper {
  "length": 1,
  Symbol(enzyme.__root__): [Circular],
  Symbol(enzyme.__unrendered__): <WidgetContainer
    widgetActions={Object {}}
    widgetLocationName="content-page--video--test-widget-location"
    widgetState={
      Object {
        "widgetLocations": Object {
          "content-page--video--test-widget-location": Object {
            "widgetConfig": Object {
              "src": "https://www.youtube.com/embed/qZ3fiOctBkE",
              "type": "YouTube",
            },
            "widgetName": "ContentPageEmbeddedVideoWidget",
          },
        },
      }
    }
  />,
  Symbol(enzyme.__renderer__): Object {
    "batchedUpdates": [Function],
    "getNode": [Function],
    "render": [Function],
    "simulateEvent": [Function],
    "unmount": [Function],
  },
  Symbol(enzyme.__node__): Object {
    "instance": null,
    "key": undefined,
    "nodeType": "host",
    "props": Object {
      "children": Array [
        <div
          className="generic-widget-container ContentPageEmbeddedVideoWidget--container"
        >
          <span
            className="widget--no--title"
          />
          <div
            className="ContentPageEmbeddedVideoWidget--wrapper generic-widget-wrapper"
            style={Object {}}
          >
            <ContentPageEmbeddedVideoWidget
              widgetActions={Object {}}
              widgetConfig={
                Object {
                  "src": "https://www.youtube.com/embed/qZ3fiOctBkE",
                  "type": "YouTube",
                }
              }
              widgetIndex={0}
              widgetLocationName="content-page--video--test-widget-location"
              widgetReducerProp={undefined}
              widgetState={
                Object {
                  "widgetLocations": Object {
                    "content-page--video--test-widget-location": Object {
                      "widgetConfig": Object {
                        "src": "https://www.youtube.com/embed/qZ3fiOctBkE",
                        "type": "YouTube",
                      },
                      "widgetName": "ContentPageEmbeddedVideoWidget",
                    },
                  },
                }
              }
            />
          </div>
        </div>,
      ],
      "className": "content-page--video--test-widget-location--generic-widget-container",
    },
    "ref": null,
    "rendered": Array [
      Object {
        "instance": null,
        "key": "content-page--video--test-widget-location_ContentPageEmbeddedVideoWidget_0",
        "nodeType": "host",
        "props": Object {
          "children": Array [
            <span
              className="widget--no--title"
            />,
            <div
              className="ContentPageEmbeddedVideoWidget--wrapper generic-widget-wrapper"
              style={Object {}}
            >
              <ContentPageEmbeddedVideoWidget
                widgetActions={Object {}}
                widgetConfig={
                  Object {
                    "src": "https://www.youtube.com/embed/qZ3fiOctBkE",
                    "type": "YouTube",
                  }
                }
                widgetIndex={0}
                widgetLocationName="content-page--video--test-widget-location"
                widgetReducerProp={undefined}
                widgetState={
                  Object {
                    "widgetLocations": Object {
                      "content-page--video--test-widget-location": Object {
                        "widgetConfig": Object {
                          "src": "https://www.youtube.com/embed/qZ3fiOctBkE",
                          "type": "YouTube",
                        },
                        "widgetName": "ContentPageEmbeddedVideoWidget",
                      },
                    },
                  }
                }
              />
            </div>,
          ],
          "className": "generic-widget-container ContentPageEmbeddedVideoWidget--container",
        },
        "ref": null,
        "rendered": Array [
          Object {
            "instance": null,
            "key": undefined,
            "nodeType": "host",
            "props": Object {
              "className": "widget--no--title",
            },
            "ref": null,
            "rendered": null,
            "type": "span",
          },
          Object {
            "instance": null,
            "key": undefined,
            "nodeType": "host",
            "props": Object {
              "children": <ContentPageEmbeddedVideoWidget
                widgetActions={Object {}}
                widgetConfig={
                  Object {
                    "src": "https://www.youtube.com/embed/qZ3fiOctBkE",
                    "type": "YouTube",
                  }
                }
                widgetIndex={0}
                widgetLocationName="content-page--video--test-widget-location"
                widgetReducerProp={undefined}
                widgetState={
                  Object {
                    "widgetLocations": Object {
                      "content-page--video--test-widget-location": Object {
                        "widgetConfig": Object {
                          "src": "https://www.youtube.com/embed/qZ3fiOctBkE",
                          "type": "YouTube",
                        },
                        "widgetName": "ContentPageEmbeddedVideoWidget",
                      },
                    },
                  }
                }
              />,
              "className": "ContentPageEmbeddedVideoWidget--wrapper generic-widget-wrapper",
              "style": Object {},
            },
            "ref": null,
            "rendered": Object {
              "instance": null,
              "key": undefined,
              "nodeType": "class",
              "props": Object {
                "widgetActions": Object {},
                "widgetConfig": Object {
                  "src": "https://www.youtube.com/embed/qZ3fiOctBkE",
                  "type": "YouTube",
                },
                "widgetIndex": 0,
                "widgetLocationName": "content-page--video--test-widget-location",
                "widgetReducerProp": undefined,
                "widgetState": Object {
                  "widgetLocations": Object {
                    "content-page--video--test-widget-location": Object {
                      "widgetConfig": Object {
                        "src": "https://www.youtube.com/embed/qZ3fiOctBkE",
                        "type": "YouTube",
                      },
                      "widgetName": "ContentPageEmbeddedVideoWidget",
                    },
                  },
                },
              },
              "ref": null,
              "rendered": null,
              "type": [Function],
            },
            "type": "div",
          },
        ],
        "type": "div",
      },
    ],
    "type": "div",
  },
  Symbol(enzyme.__nodes__): Array [
    Object {
      "instance": null,
      "key": undefined,
      "nodeType": "host",
      "props": Object {
        "children": Array [
          <div
            className="generic-widget-container ContentPageEmbeddedVideoWidget--container"
          >
            <span
              className="widget--no--title"
            />
            <div
              className="ContentPageEmbeddedVideoWidget--wrapper generic-widget-wrapper"
              style={Object {}}
            >
              <ContentPageEmbeddedVideoWidget
                widgetActions={Object {}}
                widgetConfig={
                  Object {
                    "src": "https://www.youtube.com/embed/qZ3fiOctBkE",
                    "type": "YouTube",
                  }
                }
                widgetIndex={0}
                widgetLocationName="content-page--video--test-widget-location"
                widgetReducerProp={undefined}
                widgetState={
                  Object {
                    "widgetLocations": Object {
                      "content-page--video--test-widget-location": Object {
                        "widgetConfig": Object {
                          "src": "https://www.youtube.com/embed/qZ3fiOctBkE",
                          "type": "YouTube",
                        },
                        "widgetName": "ContentPageEmbeddedVideoWidget",
                      },
                    },
                  }
                }
              />
            </div>
          </div>,
        ],
        "className": "content-page--video--test-widget-location--generic-widget-container",
      },
      "ref": null,
      "rendered": Array [
        Object {
          "instance": null,
          "key": "content-page--video--test-widget-location_ContentPageEmbeddedVideoWidget_0",
          "nodeType": "host",
          "props": Object {
            "children": Array [
              <span
                className="widget--no--title"
              />,
              <div
                className="ContentPageEmbeddedVideoWidget--wrapper generic-widget-wrapper"
                style={Object {}}
              >
                <ContentPageEmbeddedVideoWidget
                  widgetActions={Object {}}
                  widgetConfig={
                    Object {
                      "src": "https://www.youtube.com/embed/qZ3fiOctBkE",
                      "type": "YouTube",
                    }
                  }
                  widgetIndex={0}
                  widgetLocationName="content-page--video--test-widget-location"
                  widgetReducerProp={undefined}
                  widgetState={
                    Object {
                      "widgetLocations": Object {
                        "content-page--video--test-widget-location": Object {
                          "widgetConfig": Object {
                            "src": "https://www.youtube.com/embed/qZ3fiOctBkE",
                            "type": "YouTube",
                          },
                          "widgetName": "ContentPageEmbeddedVideoWidget",
                        },
                      },
                    }
                  }
                />
              </div>,
            ],
            "className": "generic-widget-container ContentPageEmbeddedVideoWidget--container",
          },
          "ref": null,
          "rendered": Array [
            Object {
              "instance": null,
              "key": undefined,
              "nodeType": "host",
              "props": Object {
                "className": "widget--no--title",
              },
              "ref": null,
              "rendered": null,
              "type": "span",
            },
            Object {
              "instance": null,
              "key": undefined,
              "nodeType": "host",
              "props": Object {
                "children": <ContentPageEmbeddedVideoWidget
                  widgetActions={Object {}}
                  widgetConfig={
                    Object {
                      "src": "https://www.youtube.com/embed/qZ3fiOctBkE",
                      "type": "YouTube",
                    }
                  }
                  widgetIndex={0}
                  widgetLocationName="content-page--video--test-widget-location"
                  widgetReducerProp={undefined}
                  widgetState={
                    Object {
                      "widgetLocations": Object {
                        "content-page--video--test-widget-location": Object {
                          "widgetConfig": Object {
                            "src": "https://www.youtube.com/embed/qZ3fiOctBkE",
                            "type": "YouTube",
                          },
                          "widgetName": "ContentPageEmbeddedVideoWidget",
                        },
                      },
                    }
                  }
                />,
                "className": "ContentPageEmbeddedVideoWidget--wrapper generic-widget-wrapper",
                "style": Object {},
              },
              "ref": null,
              "rendered": Object {
                "instance": null,
                "key": undefined,
                "nodeType": "class",
                "props": Object {
                  "widgetActions": Object {},
                  "widgetConfig": Object {
                    "src": "https://www.youtube.com/embed/qZ3fiOctBkE",
                    "type": "YouTube",
                  },
                  "widgetIndex": 0,
                  "widgetLocationName": "content-page--video--test-widget-location",
                  "widgetReducerProp": undefined,
                  "widgetState": Object {
                    "widgetLocations": Object {
                      "content-page--video--test-widget-location": Object {
                        "widgetConfig": Object {
                          "src": "https://www.youtube.com/embed/qZ3fiOctBkE",
                          "type": "YouTube",
                        },
                        "widgetName": "ContentPageEmbeddedVideoWidget",
                      },
                    },
                  },
                },
                "ref": null,
                "rendered": null,
                "type": [Function],
              },
              "type": "div",
            },
          ],
          "type": "div",
        },
      ],
      "type": "div",
    },
  ],
  Symbol(enzyme.__options__): Object {
    "adapter": ReactSixteenAdapter {
      "options": Object {
        "enableComponentDidUpdateOnSetState": true,
      },
    },
  },
}
`;
