// Jest Snapshot v1, https://goo.gl/fbAQLP

exports[`Testing the WorkHeader.component It renders as expected 1`] = `
ShallowWrapper {
  "length": 1,
  Symbol(enzyme.__root__): [Circular],
  Symbol(enzyme.__unrendered__): <WorkHeader
    coverUrl=""
    linkToMaterial=""
  />,
  Symbol(enzyme.__renderer__): Object {
    "batchedUpdates": [Function],
    "getNode": [Function],
    "render": [Function],
    "simulateEvent": [Function],
    "unmount": [Function],
  },
  Symbol(enzyme.__node__): Object {
    "instance": null,
    "key": undefined,
    "nodeType": "host",
    "props": Object {
      "children": Array [
        <div
          className="work-header--background-image "
          style={
            Object {
              "backgroundImage": "url(\\"\\")",
            }
          }
        />,
        <div
          className="work-header--foreground-image--wrapper "
        >
          <div
            className="work-header--foreground-image "
            style={
              Object {
                "marginTop": "40px",
              }
            }
          >
            <a
              href=""
            >
              <img
                className=""
                onLoad={[Function]}
                src=""
              />
            </a>
          </div>
        </div>,
      ],
      "className": "work-header",
    },
    "ref": null,
    "rendered": Array [
      Object {
        "instance": null,
        "key": undefined,
        "nodeType": "host",
        "props": Object {
          "className": "work-header--background-image ",
          "style": Object {
            "backgroundImage": "url(\\"\\")",
          },
        },
        "ref": null,
        "rendered": null,
        "type": "div",
      },
      Object {
        "instance": null,
        "key": undefined,
        "nodeType": "host",
        "props": Object {
          "children": <div
            className="work-header--foreground-image "
            style={
              Object {
                "marginTop": "40px",
              }
            }
          >
            <a
              href=""
            >
              <img
                className=""
                onLoad={[Function]}
                src=""
              />
            </a>
          </div>,
          "className": "work-header--foreground-image--wrapper ",
        },
        "ref": null,
        "rendered": Object {
          "instance": null,
          "key": undefined,
          "nodeType": "host",
          "props": Object {
            "children": <a
              href=""
            >
              <img
                className=""
                onLoad={[Function]}
                src=""
              />
            </a>,
            "className": "work-header--foreground-image ",
            "style": Object {
              "marginTop": "40px",
            },
          },
          "ref": null,
          "rendered": Object {
            "instance": null,
            "key": undefined,
            "nodeType": "host",
            "props": Object {
              "children": <img
                className=""
                onLoad={[Function]}
                src=""
              />,
              "href": "",
            },
            "ref": null,
            "rendered": Object {
              "instance": null,
              "key": undefined,
              "nodeType": "host",
              "props": Object {
                "className": "",
                "onLoad": [Function],
                "src": "",
              },
              "ref": [Function],
              "rendered": null,
              "type": "img",
            },
            "type": "a",
          },
          "type": "div",
        },
        "type": "div",
      },
    ],
    "type": "div",
  },
  Symbol(enzyme.__nodes__): Array [
    Object {
      "instance": null,
      "key": undefined,
      "nodeType": "host",
      "props": Object {
        "children": Array [
          <div
            className="work-header--background-image "
            style={
              Object {
                "backgroundImage": "url(\\"\\")",
              }
            }
          />,
          <div
            className="work-header--foreground-image--wrapper "
          >
            <div
              className="work-header--foreground-image "
              style={
                Object {
                  "marginTop": "40px",
                }
              }
            >
              <a
                href=""
              >
                <img
                  className=""
                  onLoad={[Function]}
                  src=""
                />
              </a>
            </div>
          </div>,
        ],
        "className": "work-header",
      },
      "ref": null,
      "rendered": Array [
        Object {
          "instance": null,
          "key": undefined,
          "nodeType": "host",
          "props": Object {
            "className": "work-header--background-image ",
            "style": Object {
              "backgroundImage": "url(\\"\\")",
            },
          },
          "ref": null,
          "rendered": null,
          "type": "div",
        },
        Object {
          "instance": null,
          "key": undefined,
          "nodeType": "host",
          "props": Object {
            "children": <div
              className="work-header--foreground-image "
              style={
                Object {
                  "marginTop": "40px",
                }
              }
            >
              <a
                href=""
              >
                <img
                  className=""
                  onLoad={[Function]}
                  src=""
                />
              </a>
            </div>,
            "className": "work-header--foreground-image--wrapper ",
          },
          "ref": null,
          "rendered": Object {
            "instance": null,
            "key": undefined,
            "nodeType": "host",
            "props": Object {
              "children": <a
                href=""
              >
                <img
                  className=""
                  onLoad={[Function]}
                  src=""
                />
              </a>,
              "className": "work-header--foreground-image ",
              "style": Object {
                "marginTop": "40px",
              },
            },
            "ref": null,
            "rendered": Object {
              "instance": null,
              "key": undefined,
              "nodeType": "host",
              "props": Object {
                "children": <img
                  className=""
                  onLoad={[Function]}
                  src=""
                />,
                "href": "",
              },
              "ref": null,
              "rendered": Object {
                "instance": null,
                "key": undefined,
                "nodeType": "host",
                "props": Object {
                  "className": "",
                  "onLoad": [Function],
                  "src": "",
                },
                "ref": [Function],
                "rendered": null,
                "type": "img",
              },
              "type": "a",
            },
            "type": "div",
          },
          "type": "div",
        },
      ],
      "type": "div",
    },
  ],
  Symbol(enzyme.__options__): Object {
    "adapter": ReactSixteenAdapter {
      "options": Object {
        "enableComponentDidUpdateOnSetState": true,
      },
    },
  },
}
`;

exports[`Testing the WorkHeader.component Matches the snapshot 1`] = `
ShallowWrapper {
  "length": 1,
  Symbol(enzyme.__root__): [Circular],
  Symbol(enzyme.__unrendered__): <WorkHeader
    coverUrl=""
    linkToMaterial=""
  />,
  Symbol(enzyme.__renderer__): Object {
    "batchedUpdates": [Function],
    "getNode": [Function],
    "render": [Function],
    "simulateEvent": [Function],
    "unmount": [Function],
  },
  Symbol(enzyme.__node__): Object {
    "instance": null,
    "key": undefined,
    "nodeType": "host",
    "props": Object {
      "children": Array [
        <div
          className="work-header--background-image "
          style={
            Object {
              "backgroundImage": "url(\\"\\")",
            }
          }
        />,
        <div
          className="work-header--foreground-image--wrapper "
        >
          <div
            className="work-header--foreground-image "
            style={
              Object {
                "marginTop": "40px",
              }
            }
          >
            <a
              href=""
            >
              <img
                className=""
                onLoad={[Function]}
                src=""
              />
            </a>
          </div>
        </div>,
      ],
      "className": "work-header",
    },
    "ref": null,
    "rendered": Array [
      Object {
        "instance": null,
        "key": undefined,
        "nodeType": "host",
        "props": Object {
          "className": "work-header--background-image ",
          "style": Object {
            "backgroundImage": "url(\\"\\")",
          },
        },
        "ref": null,
        "rendered": null,
        "type": "div",
      },
      Object {
        "instance": null,
        "key": undefined,
        "nodeType": "host",
        "props": Object {
          "children": <div
            className="work-header--foreground-image "
            style={
              Object {
                "marginTop": "40px",
              }
            }
          >
            <a
              href=""
            >
              <img
                className=""
                onLoad={[Function]}
                src=""
              />
            </a>
          </div>,
          "className": "work-header--foreground-image--wrapper ",
        },
        "ref": null,
        "rendered": Object {
          "instance": null,
          "key": undefined,
          "nodeType": "host",
          "props": Object {
            "children": <a
              href=""
            >
              <img
                className=""
                onLoad={[Function]}
                src=""
              />
            </a>,
            "className": "work-header--foreground-image ",
            "style": Object {
              "marginTop": "40px",
            },
          },
          "ref": null,
          "rendered": Object {
            "instance": null,
            "key": undefined,
            "nodeType": "host",
            "props": Object {
              "children": <img
                className=""
                onLoad={[Function]}
                src=""
              />,
              "href": "",
            },
            "ref": null,
            "rendered": Object {
              "instance": null,
              "key": undefined,
              "nodeType": "host",
              "props": Object {
                "className": "",
                "onLoad": [Function],
                "src": "",
              },
              "ref": [Function],
              "rendered": null,
              "type": "img",
            },
            "type": "a",
          },
          "type": "div",
        },
        "type": "div",
      },
    ],
    "type": "div",
  },
  Symbol(enzyme.__nodes__): Array [
    Object {
      "instance": null,
      "key": undefined,
      "nodeType": "host",
      "props": Object {
        "children": Array [
          <div
            className="work-header--background-image "
            style={
              Object {
                "backgroundImage": "url(\\"\\")",
              }
            }
          />,
          <div
            className="work-header--foreground-image--wrapper "
          >
            <div
              className="work-header--foreground-image "
              style={
                Object {
                  "marginTop": "40px",
                }
              }
            >
              <a
                href=""
              >
                <img
                  className=""
                  onLoad={[Function]}
                  src=""
                />
              </a>
            </div>
          </div>,
        ],
        "className": "work-header",
      },
      "ref": null,
      "rendered": Array [
        Object {
          "instance": null,
          "key": undefined,
          "nodeType": "host",
          "props": Object {
            "className": "work-header--background-image ",
            "style": Object {
              "backgroundImage": "url(\\"\\")",
            },
          },
          "ref": null,
          "rendered": null,
          "type": "div",
        },
        Object {
          "instance": null,
          "key": undefined,
          "nodeType": "host",
          "props": Object {
            "children": <div
              className="work-header--foreground-image "
              style={
                Object {
                  "marginTop": "40px",
                }
              }
            >
              <a
                href=""
              >
                <img
                  className=""
                  onLoad={[Function]}
                  src=""
                />
              </a>
            </div>,
            "className": "work-header--foreground-image--wrapper ",
          },
          "ref": null,
          "rendered": Object {
            "instance": null,
            "key": undefined,
            "nodeType": "host",
            "props": Object {
              "children": <a
                href=""
              >
                <img
                  className=""
                  onLoad={[Function]}
                  src=""
                />
              </a>,
              "className": "work-header--foreground-image ",
              "style": Object {
                "marginTop": "40px",
              },
            },
            "ref": null,
            "rendered": Object {
              "instance": null,
              "key": undefined,
              "nodeType": "host",
              "props": Object {
                "children": <img
                  className=""
                  onLoad={[Function]}
                  src=""
                />,
                "href": "",
              },
              "ref": null,
              "rendered": Object {
                "instance": null,
                "key": undefined,
                "nodeType": "host",
                "props": Object {
                  "className": "",
                  "onLoad": [Function],
                  "src": "",
                },
                "ref": [Function],
                "rendered": null,
                "type": "img",
              },
              "type": "a",
            },
            "type": "div",
          },
          "type": "div",
        },
      ],
      "type": "div",
    },
  ],
  Symbol(enzyme.__options__): Object {
    "adapter": ReactSixteenAdapter {
      "options": Object {
        "enableComponentDidUpdateOnSetState": true,
      },
    },
  },
}
`;
